../../Drivers/STM32WBxx_HAL_Driver/Inc/stm32wbxx_ll_system.h:2223:26:LL_FLASH_GetUDN	4	static
../../Drivers/STM32WBxx_HAL_Driver/Inc/stm32wbxx_ll_system.h:2235:26:LL_FLASH_GetDeviceID	4	static
../../Drivers/STM32WBxx_HAL_Driver/Inc/stm32wbxx_ll_system.h:2247:26:LL_FLASH_GetSTCompanyID	4	static
/Users/libbyglieden/STM32CubeIDE/workspace_1.19.0/BLE_p2pServer/STM32_WPAN/App/app_ble.c:384:6:APP_BLE_Init	216	static
/Users/libbyglieden/STM32CubeIDE/workspace_1.19.0/BLE_p2pServer/STM32_WPAN/App/app_ble.c:582:28:SVCCTL_App_Notification	112	static
/Users/libbyglieden/STM32CubeIDE/workspace_1.19.0/BLE_p2pServer/STM32_WPAN/App/app_ble.c:916:22:APP_BLE_Get_Server_Connection_Status	4	static
/Users/libbyglieden/STM32CubeIDE/workspace_1.19.0/BLE_p2pServer/STM32_WPAN/App/app_ble.c:922:6:APP_BLE_Key_Button1_Action	8	static
/Users/libbyglieden/STM32CubeIDE/workspace_1.19.0/BLE_p2pServer/STM32_WPAN/App/app_ble.c:927:6:APP_BLE_Key_Button2_Action	8	static
/Users/libbyglieden/STM32CubeIDE/workspace_1.19.0/BLE_p2pServer/STM32_WPAN/App/app_ble.c:945:13:Ble_Tl_Init	16	static
/Users/libbyglieden/STM32CubeIDE/workspace_1.19.0/BLE_p2pServer/STM32_WPAN/App/app_ble.c:956:13:Ble_Hci_Gap_Gatt_Init	72	static
/Users/libbyglieden/STM32CubeIDE/workspace_1.19.0/BLE_p2pServer/STM32_WPAN/App/app_ble.c:1229:13:Adv_Request	56	static
/Users/libbyglieden/STM32CubeIDE/workspace_1.19.0/BLE_p2pServer/STM32_WPAN/App/app_ble.c:1319:16:BleGetBdAddress	32	static
/Users/libbyglieden/STM32CubeIDE/workspace_1.19.0/BLE_p2pServer/STM32_WPAN/App/app_ble.c:1376:13:Adv_Cancel	16	static
/Users/libbyglieden/STM32CubeIDE/workspace_1.19.0/BLE_p2pServer/STM32_WPAN/App/app_ble.c:1407:13:Adv_Cancel_Req	8	static
/Users/libbyglieden/STM32CubeIDE/workspace_1.19.0/BLE_p2pServer/STM32_WPAN/App/app_ble.c:1422:13:Switch_OFF_GPIO	4	static
/Users/libbyglieden/STM32CubeIDE/workspace_1.19.0/BLE_p2pServer/STM32_WPAN/App/app_ble.c:1430:6:BLE_SVC_L2CAP_Conn_Update	48	static
/Users/libbyglieden/STM32CubeIDE/workspace_1.19.0/BLE_p2pServer/STM32_WPAN/App/app_ble.c:1474:13:Connection_Interval_Update_Req	8	static
/Users/libbyglieden/STM32CubeIDE/workspace_1.19.0/BLE_p2pServer/STM32_WPAN/App/app_ble.c:1493:6:hci_notify_asynch_evt	16	static
/Users/libbyglieden/STM32CubeIDE/workspace_1.19.0/BLE_p2pServer/STM32_WPAN/App/app_ble.c:1500:6:hci_cmd_resp_release	16	static
/Users/libbyglieden/STM32CubeIDE/workspace_1.19.0/BLE_p2pServer/STM32_WPAN/App/app_ble.c:1507:6:hci_cmd_resp_wait	16	static
/Users/libbyglieden/STM32CubeIDE/workspace_1.19.0/BLE_p2pServer/STM32_WPAN/App/app_ble.c:1514:13:BLE_UserEvtRx	24	static
/Users/libbyglieden/STM32CubeIDE/workspace_1.19.0/BLE_p2pServer/STM32_WPAN/App/app_ble.c:1534:13:BLE_StatusNot	24	static
/Users/libbyglieden/STM32CubeIDE/workspace_1.19.0/BLE_p2pServer/STM32_WPAN/App/app_ble.c:1573:6:SVCCTL_ResumeUserEventFlow	8	static
