/Users/libbyglieden/STM32CubeIDE/workspace_1.19.0/BLE_p2pServer/STM32_WPAN/App/p2p_server_app.c:93:6:P2PS_STM_App_Notification	24	static
/Users/libbyglieden/STM32CubeIDE/workspace_1.19.0/BLE_p2pServer/STM32_WPAN/App/p2p_server_app.c:291:6:P2PS_APP_Notification	16	static
/Users/libbyglieden/STM32CubeIDE/workspace_1.19.0/BLE_p2pServer/STM32_WPAN/App/p2p_server_app.c:322:6:P2PS_APP_Init	112	static
/Users/libbyglieden/STM32CubeIDE/workspace_1.19.0/BLE_p2pServer/STM32_WPAN/App/p2p_server_app.c:394:6:P2PS_APP_LED_BUTTON_context_Init	8	static
/Users/libbyglieden/STM32CubeIDE/workspace_1.19.0/BLE_p2pServer/STM32_WPAN/App/p2p_server_app.c:436:6:P2PS_APP_SW1_Button_Action	8	static
/Users/libbyglieden/STM32CubeIDE/workspace_1.19.0/BLE_p2pServer/STM32_WPAN/App/p2p_server_app.c:450:6:P2PS_Send_Notification	4	static
/Users/libbyglieden/STM32CubeIDE/workspace_1.19.0/BLE_p2pServer/STM32_WPAN/App/p2p_server_app.c:474:13:Send_Hello_Data	40	static
