../../Drivers/STM32WBxx_HAL_Driver/Inc/stm32wbxx_ll_rcc.h:2859:22:LL_RCC_SetRTCClockSource	16	static
../../Drivers/STM32WBxx_HAL_Driver/Inc/stm32wbxx_ll_rcc.h:2883:22:LL_RCC_EnableRTC	4	static
../../Drivers/STM32WBxx_HAL_Driver/Inc/stm32wbxx_ll_rcc.h:2893:22:LL_RCC_DisableRTC	4	static
../../Drivers/STM32WBxx_HAL_Driver/Inc/stm32wbxx_ll_bus.h:539:22:LL_AHB2_GRP1_EnableClock	24	static
../../Drivers/STM32WBxx_HAL_Driver/Inc/stm32wbxx_ll_bus.h:744:22:LL_AHB3_GRP1_EnableClock	24	static
../../Drivers/STM32WBxx_HAL_Driver/Inc/stm32wbxx_ll_bus.h:798:22:LL_AHB3_GRP1_DisableClock	16	static
../../Drivers/STM32WBxx_HAL_Driver/Inc/stm32wbxx_ll_bus.h:939:22:LL_APB1_GRP1_EnableClock	24	static
../../Drivers/STM32WBxx_HAL_Driver/Inc/stm32wbxx_ll_bus.h:1038:22:LL_APB1_GRP1_DisableClock	16	static
../../Drivers/STM32WBxx_HAL_Driver/Inc/stm32wbxx_ll_bus.h:1274:22:LL_APB2_GRP1_EnableClock	24	static
../../Drivers/STM32WBxx_HAL_Driver/Inc/stm32wbxx_ll_bus.h:1328:22:LL_APB2_GRP1_DisableClock	16	static
/Users/libbyglieden/STM32CubeIDE/workspace_1.19.0/BLE_p2pServer/Core/Src/stm32wbxx_hal_msp.c:64:6:HAL_MspInit	8	static
/Users/libbyglieden/STM32CubeIDE/workspace_1.19.0/BLE_p2pServer/Core/Src/stm32wbxx_hal_msp.c:91:6:HAL_IPCC_MspInit	16	static
/Users/libbyglieden/STM32CubeIDE/workspace_1.19.0/BLE_p2pServer/Core/Src/stm32wbxx_hal_msp.c:114:6:HAL_IPCC_MspDeInit	16	static
/Users/libbyglieden/STM32CubeIDE/workspace_1.19.0/BLE_p2pServer/Core/Src/stm32wbxx_hal_msp.c:136:6:HAL_RTC_MspInit	96	static
/Users/libbyglieden/STM32CubeIDE/workspace_1.19.0/BLE_p2pServer/Core/Src/stm32wbxx_hal_msp.c:179:6:HAL_RTC_MspDeInit	16	static
/Users/libbyglieden/STM32CubeIDE/workspace_1.19.0/BLE_p2pServer/Core/Src/stm32wbxx_hal_msp.c:202:6:HAL_UART_MspInit	120	static
/Users/libbyglieden/STM32CubeIDE/workspace_1.19.0/BLE_p2pServer/Core/Src/stm32wbxx_hal_msp.c:271:6:HAL_UART_MspDeInit	16	static
